#1) 'I'll try!' she said as he walked away,
#2) 'try not to lose you.'
#3) Two vibrant hearts could change.
