#13) But being the one on the stand,
#14) I know the way go go, no one's guiding me.
#15) When time soaked with blood it turns its back,
