#16) I know it's hard to fall.
#17) Confided in me was your heart.
#18) I know it's hurting you, but it's killing me.'
#19) Nothing will last in this life
#20) our time is spent constructing
#21) now you're perfecting a world... meant to sin.
#22) Constrict your hands around me,
#24) this air tastes dead inside me,
#23) squeeze till I cannot breathe
