#25) contribute to our plague.
#26) Break all your promises
#27) tear down this steadfast wall,
#28) restraints are useless here,
#29) tasting salvation's near.
