1
2
3
#1) 'I'll try!' she said as he walked away,
#2) 'try not to lose you.'
#3) Two vibrant hearts could change.
#4) Nothing tears the being more than deception,
#5) unmasked fear.
#6) 'I'll be here waiting' tested and secure.
#7) Nothing hurts my world,
#8) just affects the ones around me.
#9) When sin's deep in my blood,
#10) you'll be the one to fall
#11) 'I wish I could be the one,
#12) the one who won't care at all.
#13) But being the one on the stand,
#14) I know the way go go, no one's guiding me.
#15) When time soaked with blood it turns its back,
#16) I know it's hard to fall.
#17) Confided in me was your heart.
#18) I know it's hurting you, but it's killing me.'
#19) Nothing will last in this life
#20) our time is spent constructing
#21) now you're perfecting a world... meant to sin.
#22) Constrict your hands around me,
#24) this air tastes dead inside me,
#23) squeeze till I cannot breathe
#25) contribute to our plague.
#26) Break all your promises
#27) tear down this steadfast wall,
#28) restraints are useless here,
#29) tasting salvation's near.
