#9) When sin's deep in my blood,
#10) you'll be the one to fall
#11) 'I wish I could be the one,
#12) the one who won't care at all.
