#4) Nothing tears the being more than deception,
#5) unmasked fear.
#6) 'I'll be here waiting' tested and secure.
#7) Nothing hurts my world,
